../USB_DEVICE/App/usbd_cdc_if.c:162:15:CDC_Init_HS	8	static
../USB_DEVICE/App/usbd_cdc_if.c:177:15:CDC_DeInit_HS	4	static
../USB_DEVICE/App/usbd_cdc_if.c:191:15:CDC_Control_HS	16	static
../USB_DEVICE/App/usbd_cdc_if.c:272:15:CDC_Receive_HS	24	static,ignoring_inline_asm
../USB_DEVICE/App/usbd_cdc_if.c:294:9:CDC_Transmit_HS	24	static
../USB_DEVICE/App/usbd_cdc_if.c:325:15:CDC_TransmitCplt_HS	32	static,ignoring_inline_asm
../USB_DEVICE/App/usbd_cdc_if.c:341:6:init_usb_rtos_obj	16	static
../USB_DEVICE/App/usbd_cdc_if.c:353:10:is_usb_on	4	static
../USB_DEVICE/App/usbd_cdc_if.c:357:8:receive_usb_data	24	static
../USB_DEVICE/App/usbd_cdc_if.c:361:6:queue_print_usb	24	static
../USB_DEVICE/App/usbd_cdc_if.c:368:6:Print_Task	792	static
../USB_DEVICE/App/usbd_cdc_if.c:379:12:CDC_Receiveq_HS	16	static
